[2026-07-30 16:38:57 UTC] === Instagram Story Poster started ===
[2026-07-30 16:38:57 UTC] IG_USER_ID: 17841448557709921
[2026-07-30 16:38:57 UTC] GITHUB_REPO: Banbouk1234/myshisha-instagram-poster
[2026-07-30 16:38:57 UTC] Already posted: 0 images
[2026-07-30 16:38:57 UTC] Next image: 1.png
[2026-07-30 16:38:57 UTC] Creating Instagram Stories container ...
[2026-07-30 16:38:57 UTC]   image_url: https://raw.githubusercontent.com/Banbouk1234/myshisha-instagram-poster/main/1.png
[2026-07-30 16:39:03 UTC] Container created: 18094578722618591
[2026-07-30 16:39:03 UTC] Waiting for container to be FINISHED ...
[2026-07-30 16:39:03 UTC]   status: FINISHED
[2026-07-30 16:39:03 UTC] Publishing story ...
[2026-07-30 16:39:08 UTC] Published! Media ID: 18255295612307412
[2026-07-30 16:39:08 UTC] Success! Posted 1.png as story (media_id=18255295612307412)
[2026-07-30 17:19:24 UTC] === Instagram Story Poster started ===
[2026-07-30 17:19:24 UTC] IG_USER_ID: 17841448557709921
[2026-07-30 17:19:24 UTC] GITHUB_REPO: Banbouk1234/myshisha-instagram-poster
[2026-07-30 17:19:24 UTC] Already posted: 1 images
[2026-07-30 17:19:24 UTC] Next image: 10.png
[2026-07-30 17:19:24 UTC] Creating Instagram Stories container ...
[2026-07-30 17:19:24 UTC]   image_url: https://raw.githubusercontent.com/Banbouk1234/myshisha-instagram-poster/main/10.png
[2026-07-30 17:19:30 UTC] Container created: 18094584149618591
[2026-07-30 17:19:30 UTC] Waiting for container to be FINISHED ...
[2026-07-30 17:19:30 UTC]   status: FINISHED
[2026-07-30 17:19:30 UTC] Publishing story ...
[2026-07-30 17:19:35 UTC] Published! Media ID: 18090051011420491
[2026-07-30 17:19:35 UTC] Success! Posted 10.png as story (media_id=18090051011420491)
[2026-07-31 08:14:33 UTC] === Instagram Story Poster started ===
[2026-07-31 08:14:33 UTC] IG_USER_ID: 17841448557709921
[2026-07-31 08:14:33 UTC] GITHUB_REPO: Banbouk1234/myshisha-instagram-poster
[2026-07-31 08:14:33 UTC] Already posted: 2 images
[2026-07-31 08:14:33 UTC] Next image: 11.png
[2026-07-31 08:14:33 UTC] Creating Instagram Stories container ...
[2026-07-31 08:14:33 UTC]   image_url: https://raw.githubusercontent.com/Banbouk1234/myshisha-instagram-poster/main/11.png
[2026-07-31 08:14:38 UTC] Container created: 18094666571618591
[2026-07-31 08:14:38 UTC] Waiting for container to be FINISHED ...
[2026-07-31 08:14:39 UTC]   status: FINISHED
[2026-07-31 08:14:39 UTC] Publishing story ...
[2026-07-31 08:14:43 UTC] Published! Media ID: 18102935246228107
[2026-07-31 08:14:43 UTC] Success! Posted 11.png as story (media_id=18102935246228107)
[2026-07-31 08:32:34 UTC] === Instagram Story Poster started ===
[2026-07-31 08:32:34 UTC] IG_USER_ID: 17841448557709921
[2026-07-31 08:32:34 UTC] GITHUB_REPO: Banbouk1234/myshisha-instagram-poster
[2026-07-31 08:32:34 UTC] Already posted: 3 images
[2026-07-31 08:32:34 UTC] Next image: 12.png
[2026-07-31 08:32:34 UTC] Creating Instagram Stories container ...
[2026-07-31 08:32:34 UTC]   image_url: https://raw.githubusercontent.com/Banbouk1234/myshisha-instagram-poster/main/12.png
[2026-07-31 08:32:39 UTC] Container created: 18094668359618591
[2026-07-31 08:32:39 UTC] Waiting for container to be FINISHED ...
[2026-07-31 08:32:39 UTC]   status: FINISHED
[2026-07-31 08:32:39 UTC] Publishing story ...
[2026-07-31 08:32:42 UTC] Published! Media ID: 17917339920413380
[2026-07-31 08:32:42 UTC] Success! Posted 12.png as story (media_id=17917339920413380)
